Last login: Mon Jan 23 11:51:06 on ttys000

The default interactive shell is now zsh.
To update your account to use zsh, please run `chsh -s /bin/zsh`.
For more details, please visit https://support.apple.com/kb/HT208050.
L-W4PWN9XC2K:~ venkatateja$ cd /Users/venkatateja/eclipse-workspace/Java_Training/src/main/java/com/finserv/git/
L-W4PWN9XC2K:git venkatateja$ ls
Dev1_Ex.java	Git_Training	Welcome.java
L-W4PWN9XC2K:git venkatateja$ git add Welcome.java
L-W4PWN9XC2K:git venkatateja$ git commit "First Commit"
error: pathspec 'First Commit' did not match any file(s) known to git
L-W4PWN9XC2K:git venkatateja$ git commit-m "First Commit"
git: 'commit-m' is not a git command. See 'git --help'.

The most similar command is
	commit-tree
L-W4PWN9XC2K:git venkatateja$ git commit -m "First Commit"
On branch main
Untracked files:
  (use "git add <file>..." to include in what will be committed)
	.DS_Store
	Git_Training/

nothing added to commit but untracked files present (use "git add" to track)
L-W4PWN9XC2K:git venkatateja$ git branch -M Dev1
L-W4PWN9XC2K:git venkatateja$ git remote add origin https://github.com/HaraTeja45/Demo.git
error: remote origin already exists.
L-W4PWN9XC2K:git venkatateja$ git branch
  BFL_క_Git_Training
* Dev1
L-W4PWN9XC2K:git venkatateja$ git mv options BFL_క_Git_Training BFL_Git_Training 
fatal: destination 'BFL_Git_Training' is not a directory
L-W4PWN9XC2K:git venkatateja$ git mv options BFL_Git_Training BFL_క_Git_Training 
fatal: destination 'BFL_క_Git_Training' is not a directory
L-W4PWN9XC2K:git venkatateja$ git init Git_Training
Reinitialized existing Git repository in /Users/venkatateja/eclipse-workspace/Java_Training/src/main/java/com/finserv/git/Git_Training/.git/
L-W4PWN9XC2K:git venkatateja$ ls
Dev1_Ex.java	Git_Training	Welcome.java
L-W4PWN9XC2K:git venkatateja$ git init add Welcome.java
usage: git init [-q | --quiet] [--bare] [--template=<template-directory>] [--shared[=<permissions>]] [<directory>]
L-W4PWN9XC2K:git venkatateja$ git add Welcome.java
L-W4PWN9XC2K:git venkatateja$ git commit -m "ok"
On branch Dev1
Untracked files:
  (use "git add <file>..." to include in what will be committed)
	.DS_Store
	Git_Training/

nothing added to commit but untracked files present (use "git add" to track)
L-W4PWN9XC2K:git venkatateja$ git branch
  BFL_క_Git_Training
* Dev1
L-W4PWN9XC2K:git venkatateja$ git branch -d BFL_క_Git_Training
Deleted branch BFL_క_Git_Training (was 843f9aa).
L-W4PWN9XC2K:git venkatateja$ git branch
* Dev1
L-W4PWN9XC2K:git venkatateja$ git Dev1 --list
git: 'Dev1' is not a git command. See 'git --help'.
L-W4PWN9XC2K:git venkatateja$ git Branch Dev1 --list
fatal: cannot handle Branch as a builtin
L-W4PWN9XC2K:git venkatateja$ git ls --files
git: 'ls' is not a git command. See 'git --help'.

The most similar command is
	log
L-W4PWN9XC2K:git venkatateja$ git ls-files
Dev1_Ex.java
Welcome.java
L-W4PWN9XC2K:git venkatateja$ git remote add origin https://github.com/HaraTeja45/Demo.git
error: remote origin already exists.
L-W4PWN9XC2K:git venkatateja$ git branch -M main
L-W4PWN9XC2K:git venkatateja$ git push -u origin main
fatal: unable to access 'https://github.com/HaraTeja45/BFl_క_Git_Training.git/': The requested URL returned error: 400
L-W4PWN9XC2K:git venkatateja$ git push -u origin main
fatal: unable to access 'https://github.com/HaraTeja45/BFl_క_Git_Training.git/': The requested URL returned error: 400
L-W4PWN9XC2K:git venkatateja$ git remote add origin https://github.com/HaraTeja45/Demo.git
error: remote origin already exists.
L-W4PWN9XC2K:git venkatateja$ git branch -M main
L-W4PWN9XC2K:git venkatateja$ git push -u origin main
fatal: unable to access 'https://github.com/HaraTeja45/BFl_క_Git_Training.git/': The requested URL returned error: 400
L-W4PWN9XC2K:git venkatateja$ git branch -M main
L-W4PWN9XC2K:git venkatateja$ git push -u origin main
fatal: unable to access 'https://github.com/HaraTeja45/BFl_క_Git_Training.git/': The requested URL returned error: 400
L-W4PWN9XC2K:git venkatateja$ git remote add origin https://github.com/HaraTeja45/Dev1.git
error: remote origin already exists.
L-W4PWN9XC2K:git venkatateja$ git remote
origin
L-W4PWN9XC2K:git venkatateja$ git remote -v
origin	https://github.com/HaraTeja45/BFl_క_Git_Training.git (fetch)
origin	https://github.com/HaraTeja45/BFl_క_Git_Training.git (push)
L-W4PWN9XC2K:git venkatateja$ git remote remove origin
L-W4PWN9XC2K:git venkatateja$ git remote add origin https://github.com/HaraTeja45/Demo.git
L-W4PWN9XC2K:git venkatateja$ git branch -M main
L-W4PWN9XC2K:git venkatateja$ git push -u origin main
Username for 'https://github.com': HaraTeja45
Password for 'https://HaraTeja45@github.com': 
remote: Support for password authentication was removed on August 13, 2021.
remote: Please see https://docs.github.com/en/get-started/getting-started-with-git/about-remote-repositories#cloning-with-https-urls for information on currently recommended modes of authentication.
fatal: Authentication failed for 'https://github.com/HaraTeja45/Demo.git/'
L-W4PWN9XC2K:git venkatateja$ git push -u origin main
Username for 'https://github.com': HaraTeja45
Password for 'https://HaraTeja45@github.com': 
Enumerating objects: 6, done.
Counting objects: 100% (6/6), done.
Delta compression using up to 8 threads
Compressing objects: 100% (5/5), done.
Writing objects: 100% (6/6), 715 bytes | 715.00 KiB/s, done.
Total 6 (delta 0), reused 0 (delta 0), pack-reused 0
To https://github.com/HaraTeja45/Demo.git
 * [new branch]      main -> main
branch 'main' set up to track 'origin/main'.
L-W4PWN9XC2K:git venkatateja$  ls
Dev1_Ex.java	Git_Training	Welcome.java
L-W4PWN9XC2K:git venkatateja$ git clone https://github.com/Uttej2468/Web-Technologies
Cloning into 'Web-Technologies'...
remote: Enumerating objects: 63, done.
remote: Total 63 (delta 0), reused 0 (delta 0), pack-reused 63
Receiving objects: 100% (63/63), 2.53 MiB | 583.00 KiB/s, done.
Resolving deltas: 100% (12/12), done.
L-W4PWN9XC2K:git venkatateja$ ls
Dev1_Ex.java		Git_Training		Web-Technologies	Welcome.java
L-W4PWN9XC2K:git venkatateja$ git pull https://github.com/HaraTeja45/Bajaj-Finserv-Training
remote: Enumerating objects: 122, done.
remote: Counting objects: 100% (68/68), done.
remote: Compressing objects: 100% (39/39), done.
remote: Total 122 (delta 30), reused 67 (delta 29), pack-reused 54
Receiving objects: 100% (122/122), 38.89 KiB | 865.00 KiB/s, done.
Resolving deltas: 100% (40/40), done.
From https://github.com/HaraTeja45/Bajaj-Finserv-Training
 * branch            HEAD       -> FETCH_HEAD
hint: You have divergent branches and need to specify how to reconcile them.
hint: You can do so by running one of the following commands sometime before
hint: your next pull:
hint: 
hint:   git config pull.rebase false  # merge
hint:   git config pull.rebase true   # rebase
hint:   git config pull.ff only       # fast-forward only
hint: 
hint: You can replace "git config" with "git config --global" to set a default
hint: preference for all repositories. You can also pass --rebase, --no-rebase,
hint: or --ff-only on the command line to override the configured default per
hint: invocation.
fatal: Need to specify how to reconcile divergent branches.
L-W4PWN9XC2K:git venkatateja$ ls
Dev1_Ex.java		Git_Training		Web-Technologies	Welcome.java
L-W4PWN9XC2K:git venkatateja$ ls
Dev1_Ex.java		Git_Training		Web-Technologies	Welcome.java
L-W4PWN9XC2K:git venkatateja$ 
